------------------------------------------------------------
Timing Analyzer Summary
------------------------------------------------------------

Type  : Slow 1200mV 85C Model Setup 'clk_50MHz'
Slack : -1.764
TNS   : -6.275

Type  : Slow 1200mV 85C Model Setup 'frequency_scaler:b2v_inst|clk_1MHz'
Slack : -1.525
TNS   : -23.768

Type  : Slow 1200mV 85C Model Hold 'frequency_scaler:b2v_inst|clk_1MHz'
Slack : 0.341
TNS   : 0.000

Type  : Slow 1200mV 85C Model Hold 'clk_50MHz'
Slack : 0.361
TNS   : 0.000

Type  : Slow 1200mV 85C Model Minimum Pulse Width 'clk_50MHz'
Slack : -3.000
TNS   : -9.000

Type  : Slow 1200mV 85C Model Minimum Pulse Width 'frequency_scaler:b2v_inst|clk_1MHz'
Slack : -1.000
TNS   : -23.000

Type  : Slow 1200mV 0C Model Setup 'clk_50MHz'
Slack : -1.481
TNS   : -4.907

Type  : Slow 1200mV 0C Model Setup 'frequency_scaler:b2v_inst|clk_1MHz'
Slack : -1.249
TNS   : -18.687

Type  : Slow 1200mV 0C Model Hold 'frequency_scaler:b2v_inst|clk_1MHz'
Slack : 0.299
TNS   : 0.000

Type  : Slow 1200mV 0C Model Hold 'clk_50MHz'
Slack : 0.320
TNS   : 0.000

Type  : Slow 1200mV 0C Model Minimum Pulse Width 'clk_50MHz'
Slack : -3.000
TNS   : -9.000

Type  : Slow 1200mV 0C Model Minimum Pulse Width 'frequency_scaler:b2v_inst|clk_1MHz'
Slack : -1.000
TNS   : -23.000

Type  : Fast 1200mV 0C Model Setup 'clk_50MHz'
Slack : -0.595
TNS   : -0.983

Type  : Fast 1200mV 0C Model Setup 'frequency_scaler:b2v_inst|clk_1MHz'
Slack : -0.397
TNS   : -4.063

Type  : Fast 1200mV 0C Model Hold 'frequency_scaler:b2v_inst|clk_1MHz'
Slack : 0.176
TNS   : 0.000

Type  : Fast 1200mV 0C Model Hold 'clk_50MHz'
Slack : 0.194
TNS   : 0.000

Type  : Fast 1200mV 0C Model Minimum Pulse Width 'clk_50MHz'
Slack : -3.000
TNS   : -9.336

Type  : Fast 1200mV 0C Model Minimum Pulse Width 'frequency_scaler:b2v_inst|clk_1MHz'
Slack : -1.000
TNS   : -23.000

------------------------------------------------------------
